// Jest Snapshot v1, https://goo.gl/fbAQLP

exports[`<HelloWorld /> renders as expected 1`] = `
<Email>
  <h2>
    Hello, world!
  </h2>
  <p>
    Lorem ipsum dolor amet polaroid cloud bread ramps kickstarter kale chips helvetica meggings everyday carry, hot chicken post-ironic master cleanse. Live-edge banjo shoreditch fingerstache wayfarers palo santo post-ironic artisan pop-up brooklyn. Seitan migas neutra gluten-free, franzen cred distillery williamsburg retro jean shorts. Subway tile food truck portland biodiesel cred. Crucifix cornhole fam bushwick.
  </p>
</Email>
`;
